// Jest Snapshot v1, https://goo.gl/fbAQLP

exports[`config - user custom config 1`] = `
Object {
  "entry": "src/main.js",
  "karma": Object {},
  "webpack": Object {
    "devtool": "eval",
  },
}
`;
